Java HotSpot(TM) 64-Bit Server VM (25.144-b01) for linux-amd64 JRE (1.8.0_144-b01), built on Jul 21 2017 21:57:33 by "java_re" with gcc 4.3.0 20080428 (Red Hat 4.3.0-8)
Memory: 4k page, physical 7952408k(821724k free), swap 7811068k(6177592k free)
CommandLine flags: -XX:CompileThreshold=1 -XX:InitialHeapSize=127238528 -XX:MaxHeapSize=2035816448 -XX:+PrintGC -XX:-PrintGCTimeStamps -XX:+UseCompressedClassPointers -XX:+UseCompressedOops -XX:+UseParallelGC 
[GC (Allocation Failure)  31232K->3813K(119808K), 0.0119266 secs]
[GC (Allocation Failure)  35045K->1632K(151040K), 0.0050523 secs]
[GC (Allocation Failure)  64096K->1568K(151040K), 0.0039596 secs]
[GC (Allocation Failure)  64032K->1592K(213504K), 0.0107403 secs]
[GC (Allocation Failure)  126520K->1632K(213504K), 0.0044349 secs]
[GC (Allocation Failure)  126560K->1592K(337408K), 0.0078025 secs]
[GC (Allocation Failure)  251448K->1652K(337408K), 0.0019421 secs]
[GC (Allocation Failure)  251508K->1668K(587264K), 0.0057885 secs]
[GC (Allocation Failure)  501380K->1684K(560640K), 0.0006700 secs]
[GC (Allocation Failure)  478356K->1660K(538624K), 0.0005219 secs]
[GC (Allocation Failure)  456316K->1668K(521216K), 0.0004695 secs]
[GC (Allocation Failure)  435332K->1676K(497664K), 0.0006365 secs]
[GC (Allocation Failure)  415372K->1644K(482304K), 0.0005482 secs]
[GC (Allocation Failure)  396396K->1708K(460800K), 0.0006208 secs]
[GC (Allocation Failure)  378540K->1708K(446976K), 0.0006611 secs]
[GC (Allocation Failure)  361644K->1708K(427520K), 0.0007381 secs]
[GC (Allocation Failure)  345260K->1684K(415232K), 0.0005178 secs]
[GC (Allocation Failure)  329876K->1652K(397312K), 0.0006706 secs]
[GC (Allocation Failure)  314996K->1684K(386048K), 0.0008959 secs]
[GC (Allocation Failure)  301204K->1692K(370176K), 0.0005952 secs]
[GC (Allocation Failure)  287900K->1668K(359936K), 0.0004725 secs]
[GC (Allocation Failure)  275076K->1700K(345600K), 0.0005973 secs]
[GC (Allocation Failure)  263332K->1700K(336384K), 0.0010983 secs]
[GC (Allocation Failure)  252068K->1668K(323584K), 0.0008606 secs]
[GC (Allocation Failure)  241284K->1700K(314880K), 0.0004794 secs]
[GC (Allocation Failure)  231076K->1732K(303616K), 0.0007063 secs]
[GC (Allocation Failure)  221380K->1708K(295936K), 0.0005157 secs]
[GC (Allocation Failure)  212140K->1708K(285696K), 0.0006371 secs]
[GC (Allocation Failure)  203436K->1708K(278528K), 0.0005267 secs]
[GC (Allocation Failure)  194732K->1708K(268800K), 0.0007174 secs]
[GC (Allocation Failure)  186540K->1708K(262144K), 0.0015394 secs]
[GC (Allocation Failure)  178860K->1724K(253952K), 0.0006692 secs]
[GC (Allocation Failure)  171708K->1724K(247808K), 0.0005281 secs]
[GC (Allocation Failure)  164540K->1756K(240128K), 0.0005878 secs]
[GC (Allocation Failure)  157916K->1724K(234496K), 0.0004617 secs]
[GC (Allocation Failure)  151740K->1724K(227840K), 0.0005569 secs]
[GC (Allocation Failure)  145596K->1756K(222720K), 0.0004921 secs]
[GC (Allocation Failure)  139996K->1724K(216576K), 0.0006408 secs]
[GC (Allocation Failure)  134332K->1724K(211968K), 0.0005420 secs]
[GC (Allocation Failure)  129212K->1724K(206336K), 0.0005631 secs]
[GC (Allocation Failure)  124092K->1724K(202240K), 0.0004570 secs]
[GC (Allocation Failure)  119484K->1724K(197120K), 0.0006637 secs]
[GC (Allocation Failure)  114876K->1756K(193536K), 0.0003987 secs]
[GC (Allocation Failure)  110812K->1692K(188928K), 0.0023985 secs]
[GC (Allocation Failure)  106652K->1724K(185344K), 0.0003947 secs]
[GC (Allocation Failure)  103100K->1724K(181760K), 0.0005074 secs]
[GC (Allocation Failure)  99516K->1724K(178176K), 0.0005506 secs]
[GC (Allocation Failure)  95932K->1724K(175104K), 0.0005594 secs]
[GC (Allocation Failure)  92860K->1724K(172032K), 0.0004943 secs]
[GC (Allocation Failure)  89788K->1756K(168960K), 0.0004143 secs]
[GC (Allocation Failure)  86748K->1724K(165888K), 0.0006376 secs]
[GC (Allocation Failure)  83644K->1724K(163328K), 0.0005412 secs]
[GC (Allocation Failure)  81084K->1724K(160768K), 0.0009900 secs]
[GC (Allocation Failure)  78524K->1724K(158208K), 0.0005647 secs]
[GC (Allocation Failure)  75964K->1724K(155648K), 0.0007488 secs]
[GC (Allocation Failure)  73404K->1692K(153600K), 0.0005501 secs]
[GC (Allocation Failure)  71324K->1756K(151552K), 0.0004026 secs]
[GC (Allocation Failure)  69340K->1724K(149504K), 0.0004679 secs]
[GC (Allocation Failure)  67260K->1692K(147456K), 0.0014295 secs]
[GC (Allocation Failure)  65180K->1732K(145408K), 0.0005612 secs]
[GC (Allocation Failure)  63172K->1732K(143872K), 0.0006329 secs]
[GC (Allocation Failure)  61636K->1732K(142336K), 0.0005122 secs]
[GC (Allocation Failure)  60100K->1732K(140800K), 0.0004564 secs]
[GC (Allocation Failure)  58564K->1764K(139264K), 0.0004211 secs]
[GC (Allocation Failure)  57060K->1732K(137728K), 0.0008302 secs]
[GC (Allocation Failure)  55492K->1732K(136192K), 0.0004987 secs]
[GC (Allocation Failure)  53956K->1764K(134656K), 0.0004558 secs]
[GC (Allocation Failure)  52452K->1732K(133120K), 0.0006176 secs]
[GC (Allocation Failure)  50884K->1732K(132096K), 0.0004353 secs]
[GC (Allocation Failure)  49860K->1700K(131072K), 0.0004477 secs]
[GC (Allocation Failure)  48804K->1732K(130048K), 0.0004355 secs]
[GC (Allocation Failure)  47812K->1732K(129024K), 0.0005240 secs]
[GC (Allocation Failure)  46788K->1764K(128000K), 0.0004843 secs]
[GC (Allocation Failure)  45796K->1732K(126976K), 0.0012401 secs]
[GC (Allocation Failure)  44740K->1732K(125952K), 0.0007300 secs]
[GC (Allocation Failure)  43716K->1732K(124928K), 0.0004397 secs]
[GC (Allocation Failure)  42692K->1732K(123904K), 0.0004234 secs]
[GC (Allocation Failure)  41668K->1732K(122880K), 0.0006176 secs]
[GC (Allocation Failure)  40644K->1732K(121856K), 0.0005026 secs]
[GC (Allocation Failure)  39620K->1732K(120832K), 0.0005498 secs]
[GC (Allocation Failure)  38596K->1732K(120320K), 0.0006177 secs]
[GC (Allocation Failure)  38084K->1732K(119808K), 0.0004446 secs]
[GC (Allocation Failure)  37572K->1732K(119296K), 0.0005464 secs]
[GC (Allocation Failure)  37060K->1732K(118784K), 0.0005410 secs]
[GC (Allocation Failure)  36548K->1732K(118272K), 0.0004223 secs]
[GC (Allocation Failure)  36036K->1764K(117760K), 0.0004222 secs]
[GC (Allocation Failure)  35556K->1764K(117248K), 0.0004453 secs]
[GC (Allocation Failure)  35044K->1732K(116736K), 0.0016776 secs]
[GC (Allocation Failure)  34500K->1732K(116224K), 0.0004032 secs]
[GC (Allocation Failure)  33988K->1732K(115712K), 0.0005104 secs]
[GC (Allocation Failure)  33476K->1732K(115200K), 0.0004257 secs]
[GC (Allocation Failure)  32964K->1764K(114688K), 0.0004664 secs]
[GC (Allocation Failure)  32484K->1732K(114176K), 0.0004421 secs]
[GC (Allocation Failure)  31940K->1732K(113664K), 0.0006703 secs]
[GC (Allocation Failure)  31428K->1732K(113152K), 0.0005267 secs]
[GC (Allocation Failure)  30916K->1700K(112640K), 0.0004998 secs]
[GC (Allocation Failure)  30372K->1732K(112128K), 0.0005683 secs]
[GC (Allocation Failure)  29892K->1732K(111616K), 0.0004059 secs]
[GC (Allocation Failure)  29380K->1764K(111104K), 0.0004306 secs]
[GC (Allocation Failure)  28900K->1732K(110592K), 0.0004783 secs]
[GC (Allocation Failure)  28356K->1732K(110080K), 0.0004567 secs]
[GC (Allocation Failure)  27844K->1764K(109568K), 0.0004596 secs]
[GC (Allocation Failure)  27364K->1732K(109056K), 0.0004142 secs]
[GC (Allocation Failure)  26820K->1764K(108544K), 0.0004146 secs]
[GC (Allocation Failure)  26340K->1732K(108032K), 0.0005039 secs]
[GC (Allocation Failure)  25796K->1732K(107520K), 0.0005162 secs]
[GC (Allocation Failure)  25284K->1764K(107520K), 0.0004759 secs]
[GC (Allocation Failure)  25316K->1732K(107520K), 0.0005436 secs]
[GC (Allocation Failure)  25284K->1732K(107520K), 0.0004651 secs]
[GC (Allocation Failure)  25284K->1732K(107520K), 0.0006833 secs]
[GC (Allocation Failure)  25284K->1700K(112640K), 0.0065024 secs]
[GC (Allocation Failure)  30372K->1732K(118784K), 0.0006135 secs]
[GC (Allocation Failure)  36548K->1764K(125952K), 0.0004141 secs]
[GC (Allocation Failure)  43748K->1764K(134656K), 0.0004336 secs]
[GC (Allocation Failure)  52452K->1732K(144896K), 0.0004629 secs]
[GC (Allocation Failure)  62660K->1764K(157184K), 0.0004344 secs]
[GC (Allocation Failure)  74980K->1732K(154624K), 0.0005885 secs]
[GC (Allocation Failure)  72388K->1732K(152576K), 0.0005898 secs]
[GC (Allocation Failure)  70340K->1764K(150528K), 0.0004742 secs]
[GC (Allocation Failure)  68324K->1764K(148480K), 0.0006943 secs]
[GC (Allocation Failure)  66276K->1764K(146432K), 0.0004135 secs]
[GC (Allocation Failure)  64228K->1732K(144384K), 0.0005213 secs]
[GC (Allocation Failure)  62148K->1732K(142848K), 0.0004701 secs]
[GC (Allocation Failure)  60612K->1700K(141312K), 0.0005444 secs]
[GC (Allocation Failure)  59044K->1732K(139776K), 0.0009070 secs]
[GC (Allocation Failure)  57540K->1732K(138240K), 0.0004452 secs]
[GC (Allocation Failure)  56004K->1764K(136704K), 0.0005234 secs]
[GC (Allocation Failure)  54500K->1732K(135168K), 0.0004857 secs]
[GC (Allocation Failure)  52932K->1732K(133632K), 0.0004578 secs]
[GC (Allocation Failure)  51396K->1732K(132608K), 0.0004684 secs]
[GC (Allocation Failure)  50372K->1700K(131584K), 0.0026023 secs]
[GC (Allocation Failure)  49316K->1732K(130560K), 0.0005091 secs]
[GC (Allocation Failure)  48324K->1732K(129536K), 0.0004531 secs]
[GC (Allocation Failure)  47300K->1700K(128512K), 0.0009169 secs]
[GC (Allocation Failure)  46244K->1732K(127488K), 0.0005850 secs]
[GC (Allocation Failure)  45252K->1732K(126464K), 0.0006675 secs]
[GC (Allocation Failure)  44228K->1764K(125440K), 0.0004579 secs]
[GC (Allocation Failure)  43236K->1732K(124416K), 0.0005770 secs]
[GC (Allocation Failure)  42180K->1732K(123392K), 0.0005997 secs]
[GC (Allocation Failure)  41156K->1732K(122368K), 0.0006585 secs]
[GC (Allocation Failure)  40132K->1732K(121344K), 0.0007933 secs]
[GC (Allocation Failure)  39108K->1732K(120832K), 0.0005324 secs]
[GC (Allocation Failure)  38596K->1732K(120320K), 0.0004261 secs]
[GC (Allocation Failure)  38084K->1732K(119808K), 0.0004459 secs]
[GC (Allocation Failure)  37572K->1732K(119296K), 0.0005436 secs]
[GC (Allocation Failure)  37060K->1764K(118784K), 0.0004437 secs]
[GC (Allocation Failure)  36580K->1700K(118272K), 0.0019582 secs]
[GC (Allocation Failure)  36004K->1700K(117760K), 0.0005729 secs]
[GC (Allocation Failure)  35492K->1700K(124928K), 0.0016406 secs]
[GC (Allocation Failure)  42660K->1732K(133120K), 0.0014367 secs]
[GC (Allocation Failure)  50884K->1732K(132096K), 0.0004169 secs]
[GC (Allocation Failure)  49860K->1764K(131072K), 0.0005102 secs]
[GC (Allocation Failure)  48868K->1732K(130048K), 0.0008208 secs]
[GC (Allocation Failure)  47812K->1732K(129024K), 0.0004988 secs]
[GC (Allocation Failure)  46788K->1732K(128000K), 0.0006248 secs]
[GC (Allocation Failure)  45764K->1732K(126976K), 0.0004514 secs]
[GC (Allocation Failure)  44740K->1732K(125952K), 0.0017256 secs]
[GC (Allocation Failure)  43716K->1732K(124928K), 0.0005549 secs]
[GC (Allocation Failure)  42692K->1732K(123904K), 0.0008012 secs]
[GC (Allocation Failure)  41668K->1732K(122880K), 0.0006305 secs]
[GC (Allocation Failure)  40644K->1700K(121856K), 0.0019343 secs]
[GC (Allocation Failure)  39588K->1732K(120832K), 0.0004448 secs]
[GC (Allocation Failure)  38596K->1732K(120320K), 0.0005268 secs]
[GC (Allocation Failure)  38084K->1764K(119808K), 0.0004024 secs]
[GC (Allocation Failure)  37604K->1732K(119296K), 0.0012967 secs]
[GC (Allocation Failure)  37060K->1732K(118784K), 0.0005418 secs]
[GC (Allocation Failure)  36548K->1764K(118272K), 0.0004377 secs]
[GC (Allocation Failure)  36068K->1732K(117760K), 0.0004587 secs]
[GC (Allocation Failure)  35524K->1764K(117248K), 0.0004474 secs]
[GC (Allocation Failure)  35044K->1732K(116736K), 0.0004574 secs]
[GC (Allocation Failure)  34500K->1732K(116224K), 0.0004046 secs]
[GC (Allocation Failure)  33988K->1732K(115712K), 0.0005662 secs]
[GC (Allocation Failure)  33476K->1732K(115200K), 0.0009543 secs]
[GC (Allocation Failure)  32964K->1764K(114688K), 0.0005095 secs]
[GC (Allocation Failure)  32484K->1732K(114176K), 0.0005222 secs]
[GC (Allocation Failure)  31940K->1732K(113664K), 0.0004551 secs]
[GC (Allocation Failure)  31428K->1732K(113152K), 0.0005277 secs]
[GC (Allocation Failure)  30916K->1764K(112640K), 0.0006081 secs]
[GC (Allocation Failure)  30436K->1700K(118784K), 0.0016339 secs]
[GC (Allocation Failure)  36516K->1764K(118272K), 0.0004523 secs]
[GC (Allocation Failure)  36068K->1732K(117760K), 0.0004502 secs]
[GC (Allocation Failure)  35524K->1732K(124928K), 0.0012871 secs]
[GC (Allocation Failure)  42692K->1732K(123904K), 0.0005576 secs]
[GC (Allocation Failure)  41668K->1732K(122880K), 0.0004865 secs]
[GC (Allocation Failure)  40644K->1732K(121856K), 0.0004404 secs]
[GC (Allocation Failure)  39620K->1764K(120832K), 0.0005439 secs]
[GC (Allocation Failure)  38628K->1764K(120320K), 0.0004471 secs]
[GC (Allocation Failure)  38116K->1732K(119808K), 0.0004692 secs]
[GC (Allocation Failure)  37572K->1764K(119296K), 0.0004334 secs]
[GC (Allocation Failure)  37092K->1732K(118784K), 0.0004643 secs]
[GC (Allocation Failure)  36548K->1732K(118272K), 0.0004136 secs]
[GC (Allocation Failure)  36036K->1732K(125440K), 0.0053313 secs]
[GC (Allocation Failure)  43204K->1732K(134144K), 0.0004542 secs]
[GC (Allocation Failure)  51908K->1700K(144384K), 0.0005598 secs]
[GC (Allocation Failure)  62116K->1732K(156672K), 0.0019191 secs]
[GC (Allocation Failure)  74436K->1764K(171520K), 0.0005126 secs]
[GC (Allocation Failure)  89316K->1732K(168448K), 0.0004860 secs]
[GC (Allocation Failure)  86212K->1732K(165376K), 0.0004421 secs]
[GC (Allocation Failure)  83140K->1732K(162816K), 0.0006336 secs]
[GC (Allocation Failure)  80580K->1764K(160256K), 0.0004890 secs]
[GC (Allocation Failure)  78052K->1700K(157696K), 0.0004443 secs]
[GC (Allocation Failure)  75428K->1732K(155136K), 0.0006064 secs]
[GC (Allocation Failure)  72900K->1732K(153088K), 0.0015750 secs]
[GC (Allocation Failure)  70852K->1732K(151040K), 0.0004466 secs]
[GC (Allocation Failure)  68804K->1764K(148992K), 0.0004351 secs]
[GC (Allocation Failure)  66788K->1732K(146944K), 0.0004833 secs]
[GC (Allocation Failure)  64708K->1700K(144896K), 0.0011633 secs]
[GC (Allocation Failure)  62628K->1764K(143360K), 0.0006486 secs]
[GC (Allocation Failure)  61156K->1732K(141824K), 0.0005126 secs]
[GC (Allocation Failure)  59588K->1732K(140288K), 0.0012776 secs]
[GC (Allocation Failure)  58052K->1732K(138752K), 0.0004619 secs]
[GC (Allocation Failure)  56516K->1732K(137216K), 0.0019071 secs]
[GC (Allocation Failure)  54980K->1732K(135680K), 0.0004312 secs]
[GC (Allocation Failure)  53444K->1764K(134144K), 0.0004995 secs]
[GC (Allocation Failure)  51940K->1732K(132608K), 0.0005265 secs]
[GC (Allocation Failure)  50372K->1732K(131584K), 0.0006122 secs]
[GC (Allocation Failure)  49348K->1764K(130560K), 0.0005592 secs]
[GC (Allocation Failure)  48356K->1764K(129536K), 0.0004473 secs]
[GC (Allocation Failure)  47332K->1732K(128512K), 0.0004401 secs]
[GC (Allocation Failure)  46276K->1732K(127488K), 0.0005051 secs]
[GC (Allocation Failure)  45252K->1764K(126464K), 0.0004764 secs]
[GC (Allocation Failure)  44260K->1732K(125440K), 0.0005710 secs]
[GC (Allocation Failure)  43204K->1732K(124416K), 0.0005941 secs]
[GC (Allocation Failure)  42180K->1764K(123392K), 0.0011261 secs]
[GC (Allocation Failure)  41188K->1732K(122368K), 0.0005187 secs]
[GC (Allocation Failure)  40132K->1732K(121344K), 0.0005860 secs]
[GC (Allocation Failure)  39108K->1764K(120832K), 0.0005528 secs]
[GC (Allocation Failure)  38628K->1732K(120320K), 0.0005958 secs]
[GC (Allocation Failure)  38084K->1732K(119808K), 0.0005753 secs]
[GC (Allocation Failure)  37572K->1764K(119296K), 0.0004694 secs]
[GC (Allocation Failure)  37092K->1764K(118784K), 0.0004095 secs]
[GC (Allocation Failure)  36580K->1732K(118272K), 0.0005549 secs]
[GC (Allocation Failure)  36036K->1700K(117760K), 0.0008270 secs]
[GC (Allocation Failure)  35492K->1732K(117248K), 0.0005210 secs]
[GC (Allocation Failure)  35012K->1732K(116736K), 0.0006707 secs]
[GC (Allocation Failure)  34500K->1732K(116224K), 0.0005318 secs]
[GC (Allocation Failure)  33988K->1764K(115712K), 0.0005398 secs]
[GC (Allocation Failure)  33508K->1732K(115200K), 0.0005792 secs]
[GC (Allocation Failure)  32964K->1700K(121856K), 0.0023928 secs]
[GC (Allocation Failure)  39588K->1732K(129536K), 0.0017273 secs]
[GC (Allocation Failure)  47300K->1732K(138752K), 0.0004138 secs]
[GC (Allocation Failure)  56516K->1732K(137216K), 0.0004454 secs]
[GC (Allocation Failure)  54980K->1732K(135680K), 0.0007119 secs]
[GC (Allocation Failure)  53444K->1764K(134144K), 0.0004355 secs]
[GC (Allocation Failure)  51940K->1732K(132608K), 0.0005848 secs]
[GC (Allocation Failure)  50372K->1700K(131584K), 0.0009202 secs]
[GC (Allocation Failure)  49316K->1732K(130560K), 0.0005774 secs]
[GC (Allocation Failure)  48324K->1732K(140288K), 0.0031727 secs]
